// Jest Snapshot v1, https://goo.gl/fbAQLP

exports[`receive messages PRIVMSG 1`] = `
Object {
  "payload": Object {
    "text": "hello world",
    "user": Object {
      "host": "host",
      "nick": "nick1",
      "user": "user",
    },
  },
  "route": Object {
    "bufferKey": "nick1",
    "serverKey": "server1",
  },
  "type": "MESSAGE/RECEIVE_PRIVMSG",
}
`;
