// Jest Snapshot v1, https://goo.gl/fbAQLP

exports[`root reducer should initialize with state 1`] = `
Object {
  "route": Object {
    "channelKey": "@status",
    "serverKey": "",
  },
  "servers": Object {},
}
`;

exports[`root reducer should initialize without state 1`] = `
Object {
  "route": Object {
    "channelKey": "@status",
    "serverKey": "",
  },
  "servers": Object {},
}
`;
