// Jest Snapshot v1, https://goo.gl/fbAQLP

exports[`select buffer state should select activity 1`] = `false`;

exports[`select buffer state should select buffer 1`] = `
Object {
  "activity": false,
  "input": Object {
    "dirtyValue": "",
    "history": Object {
      "index": 0,
      "values": Array [],
    },
    "value": "",
  },
  "messages": Array [],
}
`;
