// Jest Snapshot v1, https://goo.gl/fbAQLP

exports[`getBufferFactory() should get "getBuffer" selector 1`] = `
Object {
  "activity": false,
  "input": Object {
    "dirtyValue": "",
    "history": Object {
      "index": 0,
      "values": Array [],
    },
    "value": "",
  },
  "messages": Array [],
}
`;

exports[`getBufferFactory(route) should get "getBuffer" selector 1`] = `undefined`;
