// Jest Snapshot v1, https://goo.gl/fbAQLP

exports[`reduce server 1`] = `
Object {
  "availableModes": Object {
    "channel": Array [],
    "user": Array [],
  },
  "channels": Object {
    "@raw": Object {
      "activity": false,
      "input": Object {
        "dirtyValue": "",
        "history": Object {
          "index": 0,
          "values": Array [],
        },
        "value": "",
      },
      "messages": Array [],
    },
    "@status": Object {
      "activity": false,
      "input": Object {
        "dirtyValue": "",
        "history": Object {
          "index": 0,
          "values": Array [],
        },
        "value": "",
      },
      "messages": Array [],
    },
  },
  "lag": 0,
  "modes": Array [],
  "name": "<unknown>",
  "user": Object {
    "nick": "default_nick",
    "real": "default_name",
    "user": "default_user",
  },
}
`;
